Loading pytorch-gpu/py3/2.3.0
  Loading requirement: cuda/12.2.0 nccl/2.19.3-1-cuda cudnn/8.9.5.30-cuda
    gcc/10.1.0 openmpi/4.1.5-cuda intel-mkl/2020.4 magma/2.7.2-cuda sox/14.4.2
    hdf5/1.12.0-mpi-cuda libjpeg-turbo/2.1.3 ffmpeg/6.1.1
+ mkdir -p outputs
+ srun python main.py --beta_fn 't^2' --sigma_coef 0.1 --use_wandb 1 --debug 0
dataset nse
load_path None
use_wandb 1
sigma_coef 0.1
beta_fn t^2
debug 0
sample_only 0
overfit 0
SELF DEBUG IS False
OVERFIT MODE (USEFUL FOR DEBUGGING) IS False
Traceback (most recent call last):
  File "/lustre/fswork/projects/rech/wbg/ukv59en/forecasting/navier-stokes/main.py", line 504, in <module>
    main()
  File "/lustre/fswork/projects/rech/wbg/ukv59en/forecasting/navier-stokes/main.py", line 491, in main
    trainer = Trainer(
              ^^^^^^^^
  File "/lustre/fswork/projects/rech/wbg/ukv59en/forecasting/navier-stokes/main.py", line 55, in __init__
    self.dataloader, old_pixel_norm, new_pixel_norm = get_forecasting_dataloader(c)
                                                      ^^^^^^^^^^^^^^^^^^^^^^^^^^^^^
  File "/lustre/fswork/projects/rech/wbg/ukv59en/forecasting/navier-stokes/utils.py", line 177, in get_forecasting_dataloader
    data_raw, time_raw = torch.load(config.data_fname, weights_only=False)
                         ^^^^^^^^^^^^^^^^^^^^^^^^^^^^^^^^^^^^^^^^^^^^^^^^^
  File "/gpfslocalsup/pub/anaconda-py3/2023.09/envs/pytorch-gpu-2.3.0+py3.11.5/lib/python3.11/site-packages/torch/serialization.py", line 997, in load
    with _open_file_like(f, 'rb') as opened_file:
         ^^^^^^^^^^^^^^^^^^^^^^^^
  File "/gpfslocalsup/pub/anaconda-py3/2023.09/envs/pytorch-gpu-2.3.0+py3.11.5/lib/python3.11/site-packages/torch/serialization.py", line 444, in _open_file_like
    return _open_file(name_or_buffer, mode)
           ^^^^^^^^^^^^^^^^^^^^^^^^^^^^^^^^
  File "/gpfslocalsup/pub/anaconda-py3/2023.09/envs/pytorch-gpu-2.3.0+py3.11.5/lib/python3.11/site-packages/torch/serialization.py", line 425, in __init__
    super().__init__(open(name, mode))
                     ^^^^^^^^^^^^^^^^
FileNotFoundError: [Errno 2] No such file or directory: '../../../fm_tutorial/dataset_gen/dataset/train_128_dt10.pt'
srun: error: r7i3n7: task 0: Exited with exit code 1
srun: Terminating StepId=969001.0
